../Core/Src/as5600.c:1996:23:as5600_reg_set_bit_field_value	8	static
../Core/Src/as5600.c:2276:13:as5600_is_valid_configuration	0	static
../Core/Src/as5600.c:2300:13:as5600_is_register_valid	0	static
../Core/Src/as5600.c:1886:23:as5600_read_n_consecutive_bytes	24	static
../Core/Src/as5600.c:1941:23:as5600_write_n_consecutive_bytes	32	dynamic
../Core/Src/as5600.c:1848:23:as5600_write_16register	16	static
../Core/Src/as5600.c:1809:23:as5600_read_16register	16	static
../Core/Src/as5600.c:368:16:as5600_init	8	static
../Core/Src/as5600.c:386:16:as5600_deinit	0	static
../Core/Src/as5600.c:417:16:as5600_get_otp_write_counter	24	static
../Core/Src/as5600.c:461:16:as5600_set_start_position	0	static
../Core/Src/as5600.c:492:16:as5600_get_start_position	16	static
../Core/Src/as5600.c:529:16:as5600_set_stop_position	0	static
../Core/Src/as5600.c:561:16:as5600_get_stop_position	16	static
../Core/Src/as5600.c:597:16:as5600_set_maximum_angle	0	static
../Core/Src/as5600.c:629:16:as5600_get_maximum_angle	16	static
../Core/Src/as5600.c:672:16:as5600_set_configuration	16	static
../Core/Src/as5600.c:721:16:as5600_get_configuration	40	static
../Core/Src/as5600.c:776:16:as5600_set_slow_filter	0	static
../Core/Src/as5600.c:814:16:as5600_get_slow_filter	0	static
../Core/Src/as5600.c:857:16:as5600_set_ff_threshold	0	static
../Core/Src/as5600.c:895:16:as5600_get_ff_threshold	0	static
../Core/Src/as5600.c:935:16:as5600_set_watchdog_enabled	0	static
../Core/Src/as5600.c:975:16:as5600_is_watchdog_enabled	0	static
../Core/Src/as5600.c:1022:16:as5600_set_power_mode	0	static
../Core/Src/as5600.c:1060:16:as5600_get_power_mode	0	static
../Core/Src/as5600.c:1099:16:as5600_set_hysteresis	0	static
../Core/Src/as5600.c:1137:16:as5600_get_hysteresis	0	static
../Core/Src/as5600.c:1178:16:as5600_set_output_stage	0	static
../Core/Src/as5600.c:1216:16:as5600_get_output_stage	0	static
../Core/Src/as5600.c:1264:16:as5600_set_pwm_frequency	0	static
../Core/Src/as5600.c:1303:16:as5600_get_pwm_frequency	0	static
../Core/Src/as5600.c:1342:16:as5600_get_raw_angle	16	static
../Core/Src/as5600.c:1382:16:as5600_get_angle	16	static
../Core/Src/as5600.c:1421:16:as5600_get_status	16	static
../Core/Src/as5600.c:1478:16:as5600_get_automatic_gain_control	16	static
../Core/Src/as5600.c:1522:16:as5600_get_cordic_magnitude	16	static
../Core/Src/as5600.c:1607:16:as5600_burn_command	24	static
